led_hachune.c:7:6:led0_T0	0	static
led_hachune.c:16:6:led0_T1	0	static
led_hachune.c:25:6:led0_detasend	40	static
led_hachune.c:62:6:led1_T0	0	static
led_hachune.c:71:6:led1_T1	0	static
led_hachune.c:80:6:led1_detasend	40	static
led_hachune.c:117:6:led2_T0	0	static
led_hachune.c:126:6:led2_T1	0	static
led_hachune.c:135:6:led2_detasend	40	static
led_hachune.c:172:6:led3_T0	0	static
led_hachune.c:181:6:led3_T1	0	static
led_hachune.c:190:6:led3_detasend	40	static
led_hachune.c:227:6:led_hachune	8	static
led_hachune.c:234:5:get_color	8	static
